Last login: Mon May 19 17:18:54 on ttys001
jakob@MacBook-Air-von-Jakob ~ % cd ~/Downloads
rm -rf CryptoEvokeApp-iOS-FINAL
rm -rf CryptoEvokeApp-ios-fixed
rm -rf CryptoEvokeApp-ios-final
rm -rf CryptoEvokeApp-iOS-FRESH
rm CryptoEvokeApp-iOS-FINAL.zip
jakob@MacBook-Air-von-Jakob Downloads % cd ~/Downloads
unzip CryptoEvokeApp-iOS-FINAL.zip
cd CryptoEvokeApp-iOS-FINAL
Archive:  CryptoEvokeApp-iOS-FINAL.zip
   creating: ios/
   creating: ios/CryptoEvokeApp/
  inflating: ios/CryptoEvokeApp/AppDelegate.m  
  inflating: ios/CryptoEvokeApp/AppDelegate.h  
  inflating: ios/CryptoEvokeApp/LaunchScreen.storyboard  
  inflating: ios/CryptoEvokeApp/Info.plist  
  inflating: ios/CryptoEvokeApp/AppDelegate.mm  
  inflating: ios/Podfile             
   creating: ios/CryptoEvokeApp.xcodeproj/
 extracting: ios/CryptoEvokeApp.xcodeproj/project.pbxproj  
   creating: src/
   creating: src/navigation/
  inflating: src/navigation/AppNavigator.tsx  
   creating: src/store/
  inflating: src/store/AuthContext.tsx  
   creating: src/screens/
   creating: src/screens/auth/
  inflating: src/screens/auth/LoginScreen.tsx  
  inflating: src/screens/auth/RegisterScreen.tsx  
   creating: src/screens/dashboard/
  inflating: src/screens/dashboard/DashboardScreen.tsx  
  inflating: src/screens/dashboard/UnverifiedDashboardScreen.tsx  
  inflating: src/screens/dashboard/AdminDashboardScreen.tsx  
  inflating: src/screens/dashboard/EmployeeDashboardScreen.tsx  
   creating: src/api/
  inflating: src/api/apiClient.ts    
  inflating: App.tsx                 
  inflating: tsconfig.json           
 extracting: .gitignore              
  inflating: package.json            
  inflating: README.md               
  inflating: app.json                
  inflating: index.js                
cd: no such file or directory: CryptoEvokeApp-iOS-FINAL
jakob@MacBook-Air-von-Jakob Downloads % cd CryptoEvokeApp-iOS-FINAL
cd: no such file or directory: CryptoEvokeApp-iOS-FINAL
jakob@MacBook-Air-von-Jakob Downloads % cd CryptoEvokeApp-iOS-FINAL
jakob@MacBook-Air-von-Jakob CryptoEvokeApp-iOS-FINAL % npm install

npm warn deprecated inflight@1.0.6: This module is not supported, and leaks memory. Do not use it. Check out lru-cache if you want a good and tested way to coalesce async requests by a key value, which is much more comprehensive and powerful.
npm warn deprecated @babel/plugin-proposal-optional-catch-binding@7.18.6: This proposal has been merged to the ECMAScript standard and thus this plugin is no longer maintained. Please use @babel/plugin-transform-optional-catch-binding instead.
npm warn deprecated @babel/plugin-proposal-class-properties@7.18.6: This proposal has been merged to the ECMAScript standard and thus this plugin is no longer maintained. Please use @babel/plugin-transform-class-properties instead.
npm warn deprecated @babel/plugin-proposal-numeric-separator@7.18.6: This proposal has been merged to the ECMAScript standard and thus this plugin is no longer maintained. Please use @babel/plugin-transform-numeric-separator instead.
npm warn deprecated @babel/plugin-proposal-nullish-coalescing-operator@7.18.6: This proposal has been merged to the ECMAScript standard and thus this plugin is no longer maintained. Please use @babel/plugin-transform-nullish-coalescing-operator instead.
npm warn deprecated rimraf@2.6.3: Rimraf versions prior to v4 are no longer supported
npm warn deprecated @humanwhocodes/config-array@0.13.0: Use @eslint/config-array instead
npm warn deprecated @babel/plugin-proposal-async-generator-functions@7.20.7: This proposal has been merged to the ECMAScript standard and thus this plugin is no longer maintained. Please use @babel/plugin-transform-async-generator-functions instead.
npm warn deprecated @babel/plugin-proposal-optional-chaining@7.21.0: This proposal has been merged to the ECMAScript standard and thus this plugin is no longer maintained. Please use @babel/plugin-transform-optional-chaining instead.
npm warn deprecated rimraf@3.0.2: Rimraf versions prior to v4 are no longer supported
npm warn deprecated glob@7.2.3: Glob versions prior to v9 are no longer supported
npm warn deprecated @humanwhocodes/object-schema@2.0.3: Use @eslint/object-schema instead
npm warn deprecated sudo-prompt@9.2.1: Package no longer supported. Contact Support at https://www.npmjs.com/support for more info.
npm warn deprecated @babel/plugin-proposal-object-rest-spread@7.20.7: This proposal has been merged to the ECMAScript standard and thus this plugin is no longer maintained. Please use @babel/plugin-transform-object-rest-spread instead.
npm warn deprecated uglify-es@3.3.10: support for ECMAScript is superseded by `uglify-js` as of v3.13.0
npm warn deprecated eslint@8.57.1: This version is no longer supported. Please see https://eslint.org/version-support for other options.

added 953 packages, and audited 954 packages in 16s

154 packages are looking for funding
  run `npm fund` for details

5 high severity vulnerabilities

To address all issues, run:
  npm audit fix --force

Run `npm audit` for details.
jakob@MacBook-Air-von-Jakob CryptoEvokeApp-iOS-FINAL % cd ios
pod cache clean --all
pod install --verbose
cd ..
  $ /opt/homebrew/bin/node -p require.resolve(    
  "@react-native-community/cli-platform-ios/native_modules.rb",     {paths:
  [process.argv[1]]},   )
  /Users/jakob/Downloads/CryptoEvokeApp-iOS-FINAL/node_modules/react-native/scripts
  /Users/jakob/Downloads/CryptoEvokeApp-iOS-FINAL/node_modules/@react-native-community/cli-platform-ios/native_modules.rb
  $ /opt/homebrew/bin/node -e try
  {console.log(require('@react-native-community/cli').bin);} catch (e)
  {console.log(require('react-native/cli').bin);}
  /Users/jakob/Downloads/CryptoEvokeApp-iOS-FINAL/node_modules/@react-native-community/cli/build/bin.js
Auto-linking React Native modules for target `CryptoEvokeApp`: RNCAsyncStorage, RNGestureHandler, RNScreens, and react-native-safe-area-context
Framework build type is static library
  $ /bin/mkdir -p ./build/generated/ios
[Codegen] Generating ./build/generated/ios/React-Codegen.podspec.json
  Preparing

Analyzing dependencies

Inspecting targets to integrate
  CDN: trunk Relative path: CocoaPods-version.yml exists! Returning local
  because checking is only performed in repo update

――― MARKDOWN TEMPLATE ―――――――――――――――――――――――――――――――――――――――――――――――――――――――――――

### Command

```
/opt/homebrew/Cellar/cocoapods/1.16.2_1/libexec/bin/pod install --verbose
```

### Report

* What did you do?

* What did you expect to happen?

* What happened instead?


### Stack

```
   CocoaPods : 1.16.2
        Ruby : ruby 3.4.4 (2025-05-14 revision a38531fd3f) +PRISM [arm64-darwin24]
    RubyGems : 3.6.9
        Host : macOS 15.0 (24A335)
       Xcode : 16.2 (16C5032a)
         Git : git version 2.39.5 (Apple Git-154)
Ruby lib dir : /opt/homebrew/Cellar/ruby/3.4.4/lib
Repositories : trunk - CDN - https://cdn.cocoapods.org/
```

### Plugins

```
cocoapods-deintegrate : 1.0.5
cocoapods-plugins     : 1.0.0
cocoapods-search      : 1.0.1
cocoapods-trunk       : 1.6.0
cocoapods-try         : 1.2.0
```

### Podfile

```ruby
require_relative '../node_modules/react-native/scripts/react_native_pods'
require_relative '../node_modules/@react-native-community/cli-platform-ios/native_modules'

platform :ios, min_ios_version_supported
prepare_react_native_project!

# If you are using a `react-native-flipper` your iOS build will fail when `NO_FLIPPER=1` is set.
# because `react-native-flipper` depends on (FlipperKit,...) that will be excluded
#
# To fix this you can also exclude `react-native-flipper` using a `react-native.config.js`
# ```js
# module.exports = {
#   dependencies: {
#     ...(process.env.NO_FLIPPER ? { 'react-native-flipper': { platforms: { ios: null } } } : {}),
# ```
flipper_config = ENV['NO_FLIPPER'] == "1" ? FlipperConfiguration.disabled : FlipperConfiguration.enabled

linkage = ENV['USE_FRAMEWORKS']
if linkage != nil
  Pod::UI.puts "Configuring Pod with #{linkage}ally linked Frameworks".green
  use_frameworks! :linkage => linkage.to_sym
end

target 'CryptoEvokeApp' do
  config = use_native_modules!

  # Flags change depending on the env values.
  flags = get_default_flags()

  use_react_native!(
    :path => config[:reactNativePath],
    # Hermes is now enabled by default. Disable by setting this flag to false.
    :hermes_enabled => flags[:hermes_enabled],
    :fabric_enabled => flags[:fabric_enabled],
    # Enables Flipper.
    #
    # Note that if you have use_frameworks! enabled, Flipper will not work and
    # you should disable the next line.
    :flipper_configuration => flipper_config,
    # An absolute path to your application root.
    :app_path => "#{Pod::Config.instance.installation_root}/.."
  )

  post_install do |installer|
    # https://github.com/facebook/react-native/blob/main/packages/react-native/scripts/react_native_pods.rb#L197-L202
    react_native_post_install(
      installer,
      config[:reactNativePath],
      :mac_catalyst_enabled => false
    )
    __apply_Xcode_12_5_M1_post_install_workaround(installer)
  end
end
```

### Error

```
Nanaimo::Reader::ParseError - [!] Unexpected end of string while parsing
 #  -------------------------------------------
1>  
    ^
 #  -------------------------------------------

/opt/homebrew/Cellar/cocoapods/1.16.2_1/libexec/gems/nanaimo-0.4.0/lib/nanaimo/reader.rb:284:in 'Nanaimo::Reader#raise_parser_error'
/opt/homebrew/Cellar/cocoapods/1.16.2_1/libexec/gems/nanaimo-0.4.0/lib/nanaimo/reader.rb:130:in 'Nanaimo::Reader#parse_object'
/opt/homebrew/Cellar/cocoapods/1.16.2_1/libexec/gems/nanaimo-0.4.0/lib/nanaimo/reader.rb:107:in 'Nanaimo::Reader#parse!'
/opt/homebrew/Cellar/cocoapods/1.16.2_1/libexec/gems/xcodeproj-1.27.0/lib/xcodeproj/plist.rb:27:in 'Xcodeproj::Plist.read_from_path'
/opt/homebrew/Cellar/cocoapods/1.16.2_1/libexec/gems/xcodeproj-1.27.0/lib/xcodeproj/project.rb:211:in 'Xcodeproj::Project#initialize_from_file'
/opt/homebrew/Cellar/cocoapods/1.16.2_1/libexec/gems/xcodeproj-1.27.0/lib/xcodeproj/project.rb:113:in 'Xcodeproj::Project.open'
/opt/homebrew/Cellar/cocoapods/1.16.2_1/libexec/gems/cocoapods-1.16.2/lib/cocoapods/installer/analyzer.rb:1194:in 'block (2 levels) in Pod::Installer::Analyzer#inspect_targets_to_integrate'
/opt/homebrew/Cellar/cocoapods/1.16.2_1/libexec/gems/cocoapods-1.16.2/lib/cocoapods/installer/analyzer.rb:1193:in 'Hash#each'
/opt/homebrew/Cellar/cocoapods/1.16.2_1/libexec/gems/cocoapods-1.16.2/lib/cocoapods/installer/analyzer.rb:1193:in 'block in Pod::Installer::Analyzer#inspect_targets_to_integrate'
/opt/homebrew/Cellar/cocoapods/1.16.2_1/libexec/gems/cocoapods-1.16.2/lib/cocoapods/user_interface.rb:64:in 'Pod::UserInterface.section'
/opt/homebrew/Cellar/cocoapods/1.16.2_1/libexec/gems/cocoapods-1.16.2/lib/cocoapods/installer/analyzer.rb:1188:in 'Pod::Installer::Analyzer#inspect_targets_to_integrate'
/opt/homebrew/Cellar/cocoapods/1.16.2_1/libexec/gems/cocoapods-1.16.2/lib/cocoapods/installer/analyzer.rb:107:in 'Pod::Installer::Analyzer#analyze'
/opt/homebrew/Cellar/cocoapods/1.16.2_1/libexec/gems/cocoapods-1.16.2/lib/cocoapods/installer.rb:422:in 'Pod::Installer#analyze'
/opt/homebrew/Cellar/cocoapods/1.16.2_1/libexec/gems/cocoapods-1.16.2/lib/cocoapods/installer.rb:244:in 'block in Pod::Installer#resolve_dependencies'
/opt/homebrew/Cellar/cocoapods/1.16.2_1/libexec/gems/cocoapods-1.16.2/lib/cocoapods/user_interface.rb:64:in 'Pod::UserInterface.section'
/opt/homebrew/Cellar/cocoapods/1.16.2_1/libexec/gems/cocoapods-1.16.2/lib/cocoapods/installer.rb:243:in 'Pod::Installer#resolve_dependencies'
/opt/homebrew/Cellar/cocoapods/1.16.2_1/libexec/gems/cocoapods-1.16.2/lib/cocoapods/installer.rb:162:in 'Pod::Installer#install!'
/opt/homebrew/Cellar/cocoapods/1.16.2_1/libexec/gems/cocoapods-1.16.2/lib/cocoapods/command/install.rb:52:in 'Pod::Command::Install#run'
/opt/homebrew/Cellar/cocoapods/1.16.2_1/libexec/gems/claide-1.1.0/lib/claide/command.rb:334:in 'CLAide::Command.run'
/opt/homebrew/Cellar/cocoapods/1.16.2_1/libexec/gems/cocoapods-1.16.2/lib/cocoapods/command.rb:52:in 'Pod::Command.run'
/opt/homebrew/Cellar/cocoapods/1.16.2_1/libexec/gems/cocoapods-1.16.2/bin/pod:55:in '<top (required)>'
/opt/homebrew/Cellar/cocoapods/1.16.2_1/libexec/bin/pod:25:in 'Kernel#load'
/opt/homebrew/Cellar/cocoapods/1.16.2_1/libexec/bin/pod:25:in '<main>'
```

――― TEMPLATE END ――――――――――――――――――――――――――――――――――――――――――――――――――――――――――――――――

[!] Oh no, an error occurred.

Search for existing GitHub issues similar to yours:
https://github.com/CocoaPods/CocoaPods/search?q=%5B%21%5D+Unexpected+end+of+string+while+parsing%0A+%23++-------------------------------------------%0A1%3E++%0A++++%5E%0A+%23++-------------------------------------------%0A&type=Issues

If none exists, create a ticket, with the template displayed above, on:
https://github.com/CocoaPods/CocoaPods/issues/new

Be sure to first read the contributing guide for details on how to properly submit a ticket:
https://github.com/CocoaPods/CocoaPods/blob/master/CONTRIBUTING.md

Don't forget to anonymize any private data!

Looking for related issues on cocoapods/cocoapods...
 - Installing pod fails - Nanaimo::Reader::ParseError - [!] Unexpected end of string while parsing
   https://github.com/CocoaPods/CocoaPods/issues/12773 [open] [1 comment]
   09 Mar 2025

 - Usage of pods static library in user's project.
   https://github.com/CocoaPods/CocoaPods/issues/1 [closed] [10 comments]
   30 Sep 2014

 - [error report] pod install /w m1 pro macbook -> JSON::ParserError - Failed to parse JSON
   https://github.com/CocoaPods/CocoaPods/issues/12121 [open] [11 comments]
   27 Dec 2023

and 7 more at:
https://github.com/cocoapods/cocoapods/search?q=%5B%21%5D%20Unexpected%20end%20of%20string%20while%20parsing%0A%20%23%20%20-------------------------------------------%0A1%3E%20%20%0A%20%20%20%20%5E%0A%20%23%20%20-------------------------------------------%0A&type=Issues&utf8=✓
jakob@MacBook-Air-von-Jakob CryptoEvokeApp-iOS-FINAL % open ios/CryptoEvokeApp.xcworkspace

The file /Users/jakob/Downloads/CryptoEvokeApp-iOS-FINAL/ios/CryptoEvokeApp.xcworkspace does not exist.
jakob@MacBook-Air-von-Jakob CryptoEvokeApp-iOS-FINAL % 